/home/yasiru/Documents/github/software-project/Arbit-Transformer-Analysis/api.py:483: DeprecationWarning: 
        on_event is deprecated, use lifespan event handlers instead.

        Read more about it in the
        [FastAPI docs for Lifespan Events](https://fastapi.tiangolo.com/advanced/events/).
        
  @app.on_event("startup")
2025-11-27 13:29:17,211 - __main__ - INFO - Starting Thermal Anomaly Detection API server on port 8000...
INFO:     Started server process [2899931]
INFO:     Waiting for application startup.
2025-11-27 13:29:17,225 - __main__ - INFO - Starting Thermal Anomaly Detection API...
2025-11-27 13:29:17,229 - __main__ - INFO - Configuration loaded from config.yaml
2025-11-27 13:29:17,251 - __main__ - INFO - Using device: cuda
2025-11-27 13:29:17,484 - __main__ - INFO - ✓ ML model loaded successfully
2025-11-27 13:29:17,484 - __main__ - INFO - ✓ Thermal detector initialized
2025-11-27 13:29:17,484 - __main__ - INFO - API ready!
INFO:     Application startup complete.
INFO:     Uvicorn running on http://0.0.0.0:8000 (Press CTRL+C to quit)
2025-11-27 13:29:55,851 - __main__ - INFO - Received baseline image: baseline.jpg (will be ignored)
2025-11-27 13:29:55,851 - __main__ - INFO - Analyzing maintenance image: maintenance.jpg
2025-11-27 13:29:55,851 - __main__ - INFO - Transformer ID: 12
2025-11-27 13:29:55,851 - __main__ - INFO - Return format: json
2025-11-27 13:29:55,853 - __main__ - INFO - Running ML analysis...
2025-11-27 13:29:56,024 - __main__ - INFO - ✓ ML analysis: 0 anomalies detected
2025-11-27 13:29:56,024 - __main__ - INFO - Running thermal analysis...
2025-11-27 13:29:56,256 - __main__ - INFO - ✓ Thermal analysis: 1 hotspots detected
INFO:     127.0.0.1:46422 - "POST /detect HTTP/1.1" 200 OK
2025-11-27 13:29:56,260 - __main__ - INFO - Received baseline image: baseline.jpg (will be ignored)
2025-11-27 13:29:56,261 - __main__ - INFO - Analyzing maintenance image: maintenance.jpg
2025-11-27 13:29:56,261 - __main__ - INFO - Transformer ID: 12
2025-11-27 13:29:56,261 - __main__ - INFO - Return format: annotated
2025-11-27 13:29:56,262 - __main__ - INFO - Running ML analysis...
2025-11-27 13:29:56,267 - __main__ - INFO - ✓ ML analysis: 0 anomalies detected
2025-11-27 13:29:56,267 - __main__ - INFO - Running thermal analysis...
2025-11-27 13:29:56,485 - __main__ - INFO - ✓ Thermal analysis: 1 hotspots detected
INFO:     127.0.0.1:46422 - "POST /detect HTTP/1.1" 200 OK
